PUNYABRATA@DESKTOP-TJL09DP MINGW64 ~/GitDemo (master)
$ echo "This is a test log file"> debug.log

PUNYABRATA@DESKTOP-TJL09DP MINGW64 ~/GitDemo (master)
$ mkdir log

PUNYABRATA@DESKTOP-TJL09DP MINGW64 ~/GitDemo (master)
$ echo "Log folder file" > log/sample.txt

PUNYABRATA@DESKTOP-TJL09DP MINGW64 ~/GitDemo (master)
$ ls
debug.log  log/  welcome.txt

PUNYABRATA@DESKTOP-TJL09DP MINGW64 ~/GitDemo (master)
$ ls log
sample.txt

PUNYABRATA@DESKTOP-TJL09DP MINGW64 ~/GitDemo (master)
$ notepad++

PUNYABRATA@DESKTOP-TJL09DP MINGW64 ~/GitDemo (master)
$ notepad++ .gitignore

PUNYABRATA@DESKTOP-TJL09DP MINGW64 ~/GitDemo (master)
$ git status
On branch master
Untracked files:
  (use "git add <file>..." to include in what will be committed)
        .gitignore
        .gitignore1
        debug.log
        log/

nothing added to commit but untracked files present (use "git add" to track)

PUNYABRATA@DESKTOP-TJL09DP MINGW64 ~/GitDemo (master)
$ git add ,gitignore
fatal: pathspec ',gitignore' did not match any files

PUNYABRATA@DESKTOP-TJL09DP MINGW64 ~/GitDemo (master)
$ git add .gitignore

PUNYABRATA@DESKTOP-TJL09DP MINGW64 ~/GitDemo (master)
$ git commit -m
error: switch `m' requires a value

PUNYABRATA@DESKTOP-TJL09DP MINGW64 ~/GitDemo (master)
$ git commit -m "Added .gitignore to ignorre log files and log folder"
[master e5ace35] Added .gitignore to ignorre log files and log folder
 1 file changed, 1 insertion(+)
 create mode 100644 .gitignore
PUNYABRATA@DESKTOP-TJL09DP MINGW64 ~/GitDemo (master)
$ git push --set-upstream origin master
Enumerating objects: 4, done.
Counting objects: 100% (4/4), done.
Delta compression using up to 16 threads
Compressing objects: 100% (2/2), done.
Writing objects: 100% (3/3), 319 bytes | 159.00 KiB/s, done.
Total 3 (delta 0), reused 0 (delta 0), pack-reused 0 (from 0)
remote:
remote: To create a merge request for master, visit:
remote:   https://gitlab.com/punyabrataguchhait-group/gitdemo/-/merge_requests/new?merge_request%5Bsource_branch%5D=master
remote:
To https://gitlab.com/punyabrataguchhait-group/gitdemo.git
   c1cbeea..e5ace35  master -> master
branch 'master' set up to track 'origin/master'.

PUNYABRATA@DESKTOP-TJL09DP MINGW64 ~/GitDemo (master)
$ git push
Everything up-to-date

  
